PATTERN: 0x01
PING 192.0.2.2 (192.0.2.2): 56 data bytes
36 bytes from 192.0.2.2: Destination Host Unreachable
Vr HL TOS Len  ID   Flg Off  TTL Pro Cksm Src       Dst
4  5  00  001c 0001 0   0000 40  11  f6cc 192.0.2.1 192.0.2.2 
UDP: from port 1234, to port 5678 (decimal)


--- 192.0.2.2 ping statistics ---
1 packets transmitted, 0 packets received, 100.0% packet loss
