PATTERN: 0x01
PING 192.0.2.2 (192.0.2.2): 56 data bytes
48 bytes from 192.0.2.2: Destination Host Unreachable
Vr HL TOS  Len   ID Flg  off TTL Pro  cks       Src        Dst
 4  5  00 0028 0001   0 0000  40  06 f6cb 192.0.2.1  192.0.2.2 
TCP: from port 1234, to port 5678 (decimal)


--- 192.0.2.2 ping statistics ---
1 packets transmitted, 0 packets received, 100.0% packet loss
