PING 192.0.2.0 (192.0.2.0): 56 data bytes

--- 192.0.2.0 ping statistics ---
2 packets transmitted, 0 packets received, 100.0% packet loss
