ICMP_MASKREQ
PING 192.0.2.2 (192.0.2.2): 56 data bytes
68 bytes from: icmp_seq=0 ttl= time= ms mask=255.255.0.0

--- 192.0.2.2 ping statistics ---
1 packets transmitted, 1 packets received, 0.0% packet loss
round-trip min/avg/max/stddev = /// ms
