PING 192.0.2.2 (192.0.2.2): 56 data bytes
92 bytes from 192.0.2.2: frag needed and DF set
Vr HL TOS Len  ID   Flg Off  TTL Pro Cksm Src       Dst
4  5  00  0054 0001 2   0000 40  01  b6a4 192.0.2.1 192.0.2.2 


--- 192.0.2.2 ping statistics ---
1 packets transmitted, 0 packets received, 100.0% packet loss
